<?xml version="1.0" encoding="utf-8" ?>
<dwsync>
<file name="without_context.csv" server="ftp.otimo.info" local="131206307840000000" remote="131225805000000000" Dst="2" />
<file name="with_context.csv" server="ftp.otimo.info" local="131206307840000000" remote="131225805000000000" Dst="2" />
</dwsync>