<?xml version="1.0" encoding="utf-8" ?>
<dwsync>
<file name="de_DE.csv" server="ftp.otimo.info" local="131206307840000000" remote="131225805600000000" Dst="2" />
</dwsync>